// Jest Snapshot v1, https://goo.gl/fbAQLP

exports[`checks if the basic example produces the same output 1`] = `
"                                       ▒│                                       
Lorem ipsum dolor sit amet,            ▒│                                       
consectetur adipiscing elit. Donec     ▒│                                       
congue porttitor pellentesque.         ▒│                                       
Vestibulum a tellus sagittis, blandit  ▒│                                       
erat ac, finibus eros. Praesent cursus ▒│                                       
at ligula laoreet congue. Proin        |│                                       
vehicula diam mattis metus aliquet     |│                                       
aliquam. Nullam finibus tellus id      |│                                       
dolor porta venenatis. Cras vestibulum |│                                       
leo sit amet congue ultrices.          |│                                       
Phasellus convallis ut enim tincidunt  |│───────────────────────────────────────
interdum.                              |│_                                      
                                       |│                                       
In velit felis, consectetur quis       |│                                       
fringilla id, interdum congue metus.   |│                                       
Mauris tincidunt, nibh a fermentum     |│                                       
posuere, nibh elit auctor lacus,       |│                                       
sollicitudin lobortis nisi arcu quis   |│                                       
massa. Ut id augue malesuada justo     |│                                       
venenatis pellentesque. Donec egestas  |│                                       
nec purus sit amet euismod. Integer    |│                                       
aliquet sollicitudin ex id viverra.    |│                                       
  Hello from cursive_multiplex  Feel free to try out the examples simply with \`c
"
`;
